Command line invocation:
    /Applications/Xcode.app/Contents/Developer/usr/bin/xcodebuild -scheme Garten_Simulation -destination "name=iPhone 17 Pro" build

Resolve Package Graph


Resolved source packages:
  DotLottie: https://github.com/LottieFiles/dotlottie-ios.git @ main (93565a8)
  RiveRuntime: https://github.com/rive-app/rive-ios @ 6.20.5

ComputePackagePrebuildTargetDependencyGraph

Prepare packages

CreateBuildRequest

SendProjectDescription

CreateBuildOperation

ComputeTargetDependencyGraph
note: Building targets in dependency order
note: Target dependency graph (5 targets)
    Target 'Garten_Simulation' in project 'Garten_Simulation'
        ➜ Explicit dependency on target 'GartenWidgetExtension' in project 'Garten_Simulation'
        ➜ Explicit dependency on target 'RiveRuntime' in project 'RiveRuntime'
        ➜ Explicit dependency on target 'DotLottie' in project 'DotLottie'
    Target 'DotLottie' in project 'DotLottie'
        ➜ Explicit dependency on target 'DotLottie' in project 'DotLottie'
    Target 'DotLottie' in project 'DotLottie' (no dependencies)
    Target 'RiveRuntime' in project 'RiveRuntime' (no dependencies)
    Target 'GartenWidgetExtension' in project 'Garten_Simulation' (no dependencies)

GatherProvisioningInputs

CreateBuildDescription

ExecuteExternalTool /Applications/Xcode.app/Contents/Developer/Toolchains/XcodeDefault.xctoolchain/usr/bin/swiftc --version

ExecuteExternalTool /Applications/Xcode.app/Contents/Developer/Toolchains/XcodeDefault.xctoolchain/usr/bin/clang -v -E -dM -isysroot /Applications/Xcode.app/Contents/Developer/Platforms/iPhoneSimulator.platform/Developer/SDKs/iPhoneSimulator26.5.sdk -x c -c /dev/null

ExecuteExternalTool /Applications/Xcode.app/Contents/Developer/usr/bin/ibtool --version --output-format xml1

ExecuteExternalTool /Applications/Xcode.app/Contents/Developer/usr/bin/actool --print-asset-tag-combinations --output-format xml1 /Users/jannikschill/Documents/Garten-Simulation/Garten_Simulation/Assets.xcassets

ExecuteExternalTool /Applications/Xcode.app/Contents/Developer/usr/bin/actool --version --output-format xml1

ExecuteExternalTool /Applications/Xcode.app/Contents/Developer/Toolchains/XcodeDefault.xctoolchain/usr/bin/ld -version_details

Build description signature: 2278e5492f4dee664fbbfca55952ce34
Build description path: /Users/jannikschill/Library/Developer/Xcode/DerivedData/Garten_Simulation-eroxfyrnurmsaraojtkexlvtomxb/Build/Intermediates.noindex/XCBuildData/2278e5492f4dee664fbbfca55952ce34.xcbuilddata
ClangStatCache /Applications/Xcode.app/Contents/Developer/Toolchains/XcodeDefault.xctoolchain/usr/bin/clang-stat-cache /Applications/Xcode.app/Contents/Developer/Platforms/iPhoneSimulator.platform/Developer/SDKs/iPhoneSimulator26.5.sdk /Users/jannikschill/Library/Developer/Xcode/DerivedData/SDKStatCaches.noindex/iphonesimulator26.5-23F73-688ef53f1462e2c8f657fdc38a81448f6cfe768891a92b912361537c460fe42b.sdkstatcache
    cd /Users/jannikschill/Documents/Garten-Simulation/Garten_Simulation.xcodeproj
    /Applications/Xcode.app/Contents/Developer/Toolchains/XcodeDefault.xctoolchain/usr/bin/clang-stat-cache /Applications/Xcode.app/Contents/Developer/Platforms/iPhoneSimulator.platform/Developer/SDKs/iPhoneSimulator26.5.sdk -o /Users/jannikschill/Library/Developer/Xcode/DerivedData/SDKStatCaches.noindex/iphonesimulator26.5-23F73-688ef53f1462e2c8f657fdc38a81448f6cfe768891a92b912361537c460fe42b.sdkstatcache

warning: Skipping duplicate build file in Compile Sources build phase: /Users/jannikschill/Documents/Garten-Simulation/GartenWidget/GardenLiveActivity.swift (in target 'GartenWidgetExtension' from project 'Garten_Simulation')
ProcessInfoPlistFile /Users/jannikschill/Library/Developer/Xcode/DerivedData/Garten_Simulation-eroxfyrnurmsaraojtkexlvtomxb/Build/Products/Debug-iphonesimulator/GartenWidgetExtension.appex/Info.plist /Users/jannikschill/Documents/Garten-Simulation/GartenWidget/Info.plist (in target 'GartenWidgetExtension' from project 'Garten_Simulation')
    cd /Users/jannikschill/Documents/Garten-Simulation
    builtin-infoPlistUtility /Users/jannikschill/Documents/Garten-Simulation/GartenWidget/Info.plist -producttype com.apple.product-type.app-extension -expandbuildsettings -format binary -platform iphonesimulator -o /Users/jannikschill/Library/Developer/Xcode/DerivedData/Garten_Simulation-eroxfyrnurmsaraojtkexlvtomxb/Build/Products/Debug-iphonesimulator/GartenWidgetExtension.appex/Info.plist

CompileAssetCatalogVariant thinned /Users/jannikschill/Library/Developer/Xcode/DerivedData/Garten_Simulation-eroxfyrnurmsaraojtkexlvtomxb/Build/Products/Debug-iphonesimulator/Grovy.app /Users/jannikschill/Documents/Garten-Simulation/Garten_Simulation/Assets.xcassets (in target 'Garten_Simulation' from project 'Garten_Simulation')
    cd /Users/jannikschill/Documents/Garten-Simulation
    /Applications/Xcode.app/Contents/Developer/usr/bin/actool /Users/jannikschill/Documents/Garten-Simulation/Garten_Simulation/Assets.xcassets --compile /Users/jannikschill/Library/Developer/Xcode/DerivedData/Garten_Simulation-eroxfyrnurmsaraojtkexlvtomxb/Build/Intermediates.noindex/Garten_Simulation.build/Debug-iphonesimulator/Garten_Simulation.build/assetcatalog_output/thinned --output-format human-readable-text --notices --warnings --export-dependency-info /Users/jannikschill/Library/Developer/Xcode/DerivedData/Garten_Simulation-eroxfyrnurmsaraojtkexlvtomxb/Build/Intermediates.noindex/Garten_Simulation.build/Debug-iphonesimulator/Garten_Simulation.build/assetcatalog_dependencies_thinned --output-partial-info-plist /Users/jannikschill/Library/Developer/Xcode/DerivedData/Garten_Simulation-eroxfyrnurmsaraojtkexlvtomxb/Build/Intermediates.noindex/Garten_Simulation.build/Debug-iphonesimulator/Garten_Simulation.build/assetcatalog_generated_info.plist_thinned --app-icon AppIcon --accent-color AccentColor --compress-pngs --enable-on-demand-resources YES --filter-for-thinning-device-configuration iPhone18,1 --filter-for-device-os-version 26.5 --development-region en --target-device iphone --target-device ipad --minimum-deployment-target 17.0 --platform iphonesimulator

SwiftDriver Garten_Simulation normal arm64 com.apple.xcode.tools.swift.compiler (in target 'Garten_Simulation' from project 'Garten_Simulation')
    cd /Users/jannikschill/Documents/Garten-Simulation
    builtin-SwiftDriver -- /Applications/Xcode.app/Contents/Developer/Toolchains/XcodeDefault.xctoolchain/usr/bin/swiftc -module-name Grovy -Onone @/Users/jannikschill/Library/Developer/Xcode/DerivedData/Garten_Simulation-eroxfyrnurmsaraojtkexlvtomxb/Build/Intermediates.noindex/Garten_Simulation.build/Debug-iphonesimulator/Garten_Simulation.build/Objects-normal/arm64/Grovy.SwiftFileList -DDEBUG -default-isolation\=MainActor -enable-bare-slash-regex -enable-upcoming-feature DisableOutwardActorInference -enable-upcoming-feature InferSendableFromCaptures -enable-upcoming-feature GlobalActorIsolatedTypesUsability -enable-upcoming-feature MemberImportVisibility -enable-upcoming-feature InferIsolatedConformances -enable-upcoming-feature NonisolatedNonsendingByDefault -enable-experimental-feature DebugDescriptionMacro -sdk /Applications/Xcode.app/Contents/Developer/Platforms/iPhoneSimulator.platform/Developer/SDKs/iPhoneSimulator26.5.sdk -target arm64-apple-ios17.0-simulator -g -module-cache-path /Users/jannikschill/Library/Developer/Xcode/DerivedData/ModuleCache.noindex -Xfrontend -serialize-debugging-options -profile-coverage-mapping -profile-generate -enable-testing -index-store-path /Users/jannikschill/Library/Developer/Xcode/DerivedData/Garten_Simulation-eroxfyrnurmsaraojtkexlvtomxb/Index.noindex/DataStore -Xcc -D_LIBCPP_HARDENING_MODE\=_LIBCPP_HARDENING_MODE_DEBUG -swift-version 5 -I /Users/jannikschill/Library/Developer/Xcode/DerivedData/Garten_Simulation-eroxfyrnurmsaraojtkexlvtomxb/Build/Products/Debug-iphonesimulator -F /Users/jannikschill/Library/Developer/Xcode/DerivedData/Garten_Simulation-eroxfyrnurmsaraojtkexlvtomxb/Build/Products/Debug-iphonesimulator/PackageFrameworks -F /Users/jannikschill/Library/Developer/Xcode/DerivedData/Garten_Simulation-eroxfyrnurmsaraojtkexlvtomxb/Build/Products/Debug-iphonesimulator -emit-localized-strings -emit-localized-strings-path /Users/jannikschill/Library/Developer/Xcode/DerivedData/Garten_Simulation-eroxfyrnurmsaraojtkexlvtomxb/Build/Intermediates.noindex/Garten_Simulation.build/Debug-iphonesimulator/Garten_Simulation.build/Objects-normal/arm64 -c -j12 -enable-batch-mode -incremental -Xcc -ivfsstatcache -Xcc /Users/jannikschill/Library/Developer/Xcode/DerivedData/SDKStatCaches.noindex/iphonesimulator26.5-23F73-688ef53f1462e2c8f657fdc38a81448f6cfe768891a92b912361537c460fe42b.sdkstatcache -output-file-map /Users/jannikschill/Library/Developer/Xcode/DerivedData/Garten_Simulation-eroxfyrnurmsaraojtkexlvtomxb/Build/Intermediates.noindex/Garten_Simulation.build/Debug-iphonesimulator/Garten_Simulation.build/Objects-normal/arm64/Garten_Simulation-OutputFileMap.json -use-frontend-parseable-output -save-temps -no-color-diagnostics -explicit-module-build -module-cache-path /Users/jannikschill/Library/Developer/Xcode/DerivedData/Garten_Simulation-eroxfyrnurmsaraojtkexlvtomxb/Build/Intermediates.noindex/SwiftExplicitPrecompiledModules -clang-scanner-module-cache-path /Users/jannikschill/Library/Developer/Xcode/DerivedData/ModuleCache.noindex -sdk-module-cache-path /Users/jannikschill/Library/Developer/Xcode/DerivedData/ModuleCache.noindex -serialize-diagnostics -emit-dependencies -emit-module -emit-module-path /Users/jannikschill/Library/Developer/Xcode/DerivedData/Garten_Simulation-eroxfyrnurmsaraojtkexlvtomxb/Build/Intermediates.noindex/Garten_Simulation.build/Debug-iphonesimulator/Garten_Simulation.build/Objects-normal/arm64/Grovy.swiftmodule -validate-clang-modules-once -clang-build-session-file /Users/jannikschill/Library/Developer/Xcode/DerivedData/ModuleCache.noindex/Session.modulevalidation -Xcc -I/Users/jannikschill/Library/Developer/Xcode/DerivedData/Garten_Simulation-eroxfyrnurmsaraojtkexlvtomxb/Build/Intermediates.noindex/Garten_Simulation.build/Debug-iphonesimulator/Garten_Simulation.build/swift-overrides.hmap -emit-const-values -Xfrontend -const-gather-protocols-file -Xfrontend /Users/jannikschill/Library/Developer/Xcode/DerivedData/Garten_Simulation-eroxfyrnurmsaraojtkexlvtomxb/Build/Intermediates.noindex/Garten_Simulation.build/Debug-iphonesimulator/Garten_Simulation.build/Objects-normal/arm64/Garten_Simulation_const_extract_protocols.json -Xcc -iquote -Xcc /Users/jannikschill/Library/Developer/Xcode/DerivedData/Garten_Simulation-eroxfyrnurmsaraojtkexlvtomxb/Build/Intermediates.noindex/Garten_Simulation.build/Debug-iphonesimulator/Garten_Simulation.build/Grovy-generated-files.hmap -Xcc -I/Users/jannikschill/Library/Developer/Xcode/DerivedData/Garten_Simulation-eroxfyrnurmsaraojtkexlvtomxb/Build/Intermediates.noindex/Garten_Simulation.build/Debug-iphonesimulator/Garten_Simulation.build/Grovy-own-target-headers.hmap -Xcc -I/Users/jannikschill/Library/Developer/Xcode/DerivedData/Garten_Simulation-eroxfyrnurmsaraojtkexlvtomxb/Build/Intermediates.noindex/Garten_Simulation.build/Debug-iphonesimulator/Garten_Simulation.build/Grovy-all-non-framework-target-headers.hmap -Xcc -ivfsoverlay -Xcc /Users/jannikschill/Library/Developer/Xcode/DerivedData/Garten_Simulation-eroxfyrnurmsaraojtkexlvtomxb/Build/Intermediates.noindex/Garten_Simulation.build/Debug-iphonesimulator/Garten_Simulation-49394399678d88b76108bd64d45cffb0-VFS-iphonesimulator/all-product-headers.yaml -Xcc -iquote -Xcc /Users/jannikschill/Library/Developer/Xcode/DerivedData/Garten_Simulation-eroxfyrnurmsaraojtkexlvtomxb/Build/Intermediates.noindex/Garten_Simulation.build/Debug-iphonesimulator/Garten_Simulation.build/Grovy-project-headers.hmap -Xcc -I/Users/jannikschill/Library/Developer/Xcode/DerivedData/Garten_Simulation-eroxfyrnurmsaraojtkexlvtomxb/Build/Products/Debug-iphonesimulator/include -Xcc -I/Users/jannikschill/Library/Developer/Xcode/DerivedData/Garten_Simulation-eroxfyrnurmsaraojtkexlvtomxb/Build/Intermediates.noindex/Garten_Simulation.build/Debug-iphonesimulator/Garten_Simulation.build/DerivedSources-normal/arm64 -Xcc -I/Users/jannikschill/Library/Developer/Xcode/DerivedData/Garten_Simulation-eroxfyrnurmsaraojtkexlvtomxb/Build/Intermediates.noindex/Garten_Simulation.build/Debug-iphonesimulator/Garten_Simulation.build/DerivedSources/arm64 -Xcc -I/Users/jannikschill/Library/Developer/Xcode/DerivedData/Garten_Simulation-eroxfyrnurmsaraojtkexlvtomxb/Build/Intermediates.noindex/Garten_Simulation.build/Debug-iphonesimulator/Garten_Simulation.build/DerivedSources -Xcc -DDEBUG\=1 -emit-objc-header -emit-objc-header-path /Users/jannikschill/Library/Developer/Xcode/DerivedData/Garten_Simulation-eroxfyrnurmsaraojtkexlvtomxb/Build/Intermediates.noindex/Garten_Simulation.build/Debug-iphonesimulator/Garten_Simulation.build/Objects-normal/arm64/Grovy-Swift.h -working-directory /Users/jannikschill/Documents/Garten-Simulation -experimental-emit-module-separately -disable-cmo

SwiftCompile normal arm64 Compiling\ ShopDetailPayload.swift /Users/jannikschill/Documents/Garten-Simulation/Garten_Simulation/Models/ShopDetailPayload.swift (in target 'Garten_Simulation' from project 'Garten_Simulation')

SwiftCompile normal arm64 /Users/jannikschill/Documents/Garten-Simulation/Garten_Simulation/Models/ShopDetailPayload.swift (in target 'Garten_Simulation' from project 'Garten_Simulation')
    cd /Users/jannikschill/Documents/Garten-Simulation
    

SwiftCompile normal arm64 Compiling\ InventoryItemDetailSheet.swift /Users/jannikschill/Documents/Garten-Simulation/Garten_Simulation/Views/InventoryItemDetailSheet.swift (in target 'Garten_Simulation' from project 'Garten_Simulation')
Failed frontend command:
/Applications/Xcode.app/Contents/Developer/Toolchains/XcodeDefault.xctoolchain/usr/bin/swift-frontend -frontend -c -filelist /Users/jannikschill/Library/Developer/Xcode/DerivedData/Garten_Simulation-eroxfyrnurmsaraojtkexlvtomxb/Build/Intermediates.noindex/Garten_Simulation.build/Debug-iphonesimulator/Garten_Simulation.build/Objects-normal/arm64/sources-1 -primary-file /Users/jannikschill/Documents/Garten-Simulation/Garten_Simulation/Views/InventoryItemDetailSheet.swift -emit-dependencies-path /Users/jannikschill/Library/Developer/Xcode/DerivedData/Garten_Simulation-eroxfyrnurmsaraojtkexlvtomxb/Build/Intermediates.noindex/Garten_Simulation.build/Debug-iphonesimulator/Garten_Simulation.build/Objects-normal/arm64/InventoryItemDetailSheet.d -emit-const-values-path /Users/jannikschill/Library/Developer/Xcode/DerivedData/Garten_Simulation-eroxfyrnurmsaraojtkexlvtomxb/Build/Intermediates.noindex/Garten_Simulation.build/Debug-iphonesimulator/Garten_Simulation.build/Objects-normal/arm64/InventoryItemDetailSheet.swiftconstvalues -emit-reference-dependencies-path /Users/jannikschill/Library/Developer/Xcode/DerivedData/Garten_Simulation-eroxfyrnurmsaraojtkexlvtomxb/Build/Intermediates.noindex/Garten_Simulation.build/Debug-iphonesimulator/Garten_Simulation.build/Objects-normal/arm64/InventoryItemDetailSheet.swiftdeps -serialize-diagnostics-path /Users/jannikschill/Library/Developer/Xcode/DerivedData/Garten_Simulation-eroxfyrnurmsaraojtkexlvtomxb/Build/Intermediates.noindex/Garten_Simulation.build/Debug-iphonesimulator/Garten_Simulation.build/Objects-normal/arm64/InventoryItemDetailSheet.dia -emit-localized-strings -emit-localized-strings-path /Users/jannikschill/Library/Developer/Xcode/DerivedData/Garten_Simulation-eroxfyrnurmsaraojtkexlvtomxb/Build/Intermediates.noindex/Garten_Simulation.build/Debug-iphonesimulator/Garten_Simulation.build/Objects-normal/arm64 -target arm64-apple-ios17.0-simulator -module-can-import-version DeveloperToolsSupport 23.40.26 23.40.26 -module-can-import-version SwiftUI 7.5.3 7.5.3 -module-can-import-version UIKit 9126.5.5.2 9126.5.5 -disable-cross-import-overlay-search -swift-module-cross-import LinkPresentation /Applications/Xcode.app/Contents/Developer/Platforms/iPhoneSimulator.platform/Developer/SDKs/iPhoneSimulator.sdk/System/Library/Frameworks/LinkPresentation.framework/Modules/LinkPresentation.swiftcrossimport/AppIntents.swiftoverlay -swift-module-cross-import LinkPresentation /Applications/Xcode.app/Contents/Developer/Platforms/iPhoneSimulator.platform/Developer/SDKs/iPhoneSimulator26.5.sdk/System/Library/Frameworks/LinkPresentation.framework/Modules/LinkPresentation.swiftcrossimport/AppIntents.swiftoverlay -swift-module-cross-import StoreKit /Applications/Xcode.app/Contents/Developer/Platforms/iPhoneSimulator.platform/Developer/SDKs/iPhoneSimulator.sdk/System/Library/Frameworks/StoreKit.framework/Modules/StoreKit.swiftcrossimport/SwiftUI.swiftoverlay -swift-module-cross-import StoreKit /Applications/Xcode.app/Contents/Developer/Platforms/iPhoneSimulator.platform/Developer/SDKs/iPhoneSimulator26.5.sdk/System/Library/Frameworks/StoreKit.framework/Modules/StoreKit.swiftcrossimport/SwiftUI.swiftoverlay -swift-module-cross-import SwiftData /Applications/Xcode.app/Contents/Developer/Platforms/iPhoneSimulator.platform/Developer/SDKs/iPhoneSimulator26.5.sdk/System/Library/Frameworks/SwiftData.framework/Modules/SwiftData.swiftcrossimport/CoreData.swiftoverlay -swift-module-cross-import SwiftData /Applications/Xcode.app/Contents/Developer/Platforms/iPhoneSimulator.platform/Developer/SDKs/iPhoneSimulator26.5.sdk/System/Library/Frameworks/SwiftData.framework/Modules/SwiftData.swiftcrossimport/SwiftUI.swiftoverlay -load-resolved-plugin /Applications/Xcode.app/Contents/Developer/Platforms/iPhoneOS.platform/Developer/usr/lib/swift/host/plugins/libAppIntentsMacros.dylib\#/Applications/Xcode.app/Contents/Developer/Platforms/iPhoneOS.platform/Developer/usr/bin/swift-plugin-server\#AppIntentsMacros -load-resolved-plugin /Applications/Xcode.app/Contents/Developer/Platforms/iPhoneOS.platform/Developer/usr/lib/swift/host/plugins/libFoundationMacros.dylib\#/Applications/Xcode.app/Contents/Developer/Platforms/iPhoneOS.platform/Developer/usr/bin/swift-plugin-server\#FoundationMacros -load-resolved-plugin /Applications/Xcode.app/Contents/Developer/Platforms/iPhoneOS.platform/Developer/usr/lib/swift/host/plugins/libObservationMacros.dylib\#/Applications/Xcode.app/Contents/Developer/Platforms/iPhoneOS.platform/Developer/usr/bin/swift-plugin-server\#ObservationMacros -load-resolved-plugin /Applications/Xcode.app/Contents/Developer/Platforms/iPhoneOS.platform/Developer/usr/lib/swift/host/plugins/libPreviewsMacros.dylib\#/Applications/Xcode.app/Contents/Developer/Platforms/iPhoneOS.platform/Developer/usr/bin/swift-plugin-server\#PreviewsMacros -load-resolved-plugin /Applications/Xcode.app/Contents/Developer/Platforms/iPhoneOS.platform/Developer/usr/lib/swift/host/plugins/libSwiftDataMacros.dylib\#/Applications/Xcode.app/Contents/Developer/Platforms/iPhoneOS.platform/Developer/usr/bin/swift-plugin-server\#SwiftDataMacros -load-resolved-plugin /Applications/Xcode.app/Contents/Developer/Platforms/iPhoneOS.platform/Developer/usr/lib/swift/host/plugins/libSwiftMacros.dylib\#/Applications/Xcode.app/Contents/Developer/Platforms/iPhoneOS.platform/Developer/usr/bin/swift-plugin-server\#SwiftMacros -load-resolved-plugin /Applications/Xcode.app/Contents/Developer/Platforms/iPhoneOS.platform/Developer/usr/lib/swift/host/plugins/libSwiftUIMacros.dylib\#/Applications/Xcode.app/Contents/Developer/Platforms/iPhoneOS.platform/Developer/usr/bin/swift-plugin-server\#SwiftUIMacros -disable-implicit-swift-modules -Xcc -fno-implicit-modules -Xcc -fno-implicit-module-maps -explicit-swift-module-map-file /Users/jannikschill/Library/Developer/Xcode/DerivedData/Garten_Simulation-eroxfyrnurmsaraojtkexlvtomxb/Build/Intermediates.noindex/Garten_Simulation.build/Debug-iphonesimulator/Garten_Simulation.build/Objects-normal/arm64/Grovy-dependencies-1.json -debug-module-path /Users/jannikschill/Library/Developer/Xcode/DerivedData/Garten_Simulation-eroxfyrnurmsaraojtkexlvtomxb/Build/Intermediates.noindex/Garten_Simulation.build/Debug-iphonesimulator/Garten_Simulation.build/Objects-normal/arm64/Grovy.swiftmodule -Xllvm -aarch64-use-tbi -enable-objc-interop -sdk /Applications/Xcode.app/Contents/Developer/Platforms/iPhoneSimulator.platform/Developer/SDKs/iPhoneSimulator26.5.sdk -I /Users/jannikschill/Library/Developer/Xcode/DerivedData/Garten_Simulation-eroxfyrnurmsaraojtkexlvtomxb/Build/Products/Debug-iphonesimulator -F /Users/jannikschill/Library/Developer/Xcode/DerivedData/Garten_Simulation-eroxfyrnurmsaraojtkexlvtomxb/Build/Products/Debug-iphonesimulator/PackageFrameworks -F /Users/jannikschill/Library/Developer/Xcode/DerivedData/Garten_Simulation-eroxfyrnurmsaraojtkexlvtomxb/Build/Products/Debug-iphonesimulator -no-color-diagnostics -Xcc -fno-color-diagnostics -enable-testing -g -debug-info-format\=dwarf -dwarf-version\=4 -module-cache-path /Users/jannikschill/Library/Developer/Xcode/DerivedData/Garten_Simulation-eroxfyrnurmsaraojtkexlvtomxb/Build/Intermediates.noindex/SwiftExplicitPrecompiledModules -profile-generate -profile-coverage-mapping -swift-version 5 -Onone -D DEBUG -serialize-debugging-options -const-gather-protocols-file /Users/jannikschill/Library/Developer/Xcode/DerivedData/Garten_Simulation-eroxfyrnurmsaraojtkexlvtomxb/Build/Intermediates.noindex/Garten_Simulation.build/Debug-iphonesimulator/Garten_Simulation.build/Objects-normal/arm64/Garten_Simulation_const_extract_protocols.json -enable-upcoming-feature DisableOutwardActorInference -enable-upcoming-feature InferSendableFromCaptures -enable-upcoming-feature GlobalActorIsolatedTypesUsability -enable-upcoming-feature MemberImportVisibility -enable-upcoming-feature InferIsolatedConformances -enable-upcoming-feature NonisolatedNonsendingByDefault -enable-experimental-feature DebugDescriptionMacro -enable-bare-slash-regex -default-isolation\=MainActor -empty-abi-descriptor -validate-clang-modules-once -clang-build-session-file /Users/jannikschill/Library/Developer/Xcode/DerivedData/ModuleCache.noindex/Session.modulevalidation -Xcc -working-directory -Xcc /Users/jannikschill/Documents/Garten-Simulation -enable-anonymous-context-mangled-names -file-compilation-dir /Users/jannikschill/Documents/Garten-Simulation -Xcc -D_LIBCPP_HARDENING_MODE\=_LIBCPP_HARDENING_MODE_DEBUG -Xcc -ivfsstatcache -Xcc /Users/jannikschill/Library/Developer/Xcode/DerivedData/SDKStatCaches.noindex/iphonesimulator26.5-23F73-688ef53f1462e2c8f657fdc38a81448f6cfe768891a92b912361537c460fe42b.sdkstatcache -Xcc -I/Users/jannikschill/Library/Developer/Xcode/DerivedData/Garten_Simulation-eroxfyrnurmsaraojtkexlvtomxb/Build/Intermediates.noindex/Garten_Simulation.build/Debug-iphonesimulator/Garten_Simulation.build/swift-overrides.hmap -Xcc -iquote -Xcc /Users/jannikschill/Library/Developer/Xcode/DerivedData/Garten_Simulation-eroxfyrnurmsaraojtkexlvtomxb/Build/Intermediates.noindex/Garten_Simulation.build/Debug-iphonesimulator/Garten_Simulation.build/Grovy-generated-files.hmap -Xcc -I/Users/jannikschill/Library/Developer/Xcode/DerivedData/Garten_Simulation-eroxfyrnurmsaraojtkexlvtomxb/Build/Intermediates.noindex/Garten_Simulation.build/Debug-iphonesimulator/Garten_Simulation.build/Grovy-own-target-headers.hmap -Xcc -I/Users/jannikschill/Library/Developer/Xcode/DerivedData/Garten_Simulation-eroxfyrnurmsaraojtkexlvtomxb/Build/Intermediates.noindex/Garten_Simulation.build/Debug-iphonesimulator/Garten_Simulation.build/Grovy-all-non-framework-target-headers.hmap -Xcc -ivfsoverlay -Xcc /Users/jannikschill/Library/Developer/Xcode/DerivedData/Garten_Simulation-eroxfyrnurmsaraojtkexlvtomxb/Build/Intermediates.noindex/Garten_Simulation.build/Debug-iphonesimulator/Garten_Simulation-49394399678d88b76108bd64d45cffb0-VFS-iphonesimulator/all-product-headers.yaml -Xcc -iquote -Xcc /Users/jannikschill/Library/Developer/Xcode/DerivedData/Garten_Simulation-eroxfyrnurmsaraojtkexlvtomxb/Build/Intermediates.noindex/Garten_Simulation.build/Debug-iphonesimulator/Garten_Simulation.build/Grovy-project-headers.hmap -Xcc -I/Users/jannikschill/Library/Developer/Xcode/DerivedData/Garten_Simulation-eroxfyrnurmsaraojtkexlvtomxb/Build/Products/Debug-iphonesimulator/include -Xcc -I/Users/jannikschill/Library/Developer/Xcode/DerivedData/Garten_Simulation-eroxfyrnurmsaraojtkexlvtomxb/Build/Intermediates.noindex/Garten_Simulation.build/Debug-iphonesimulator/Garten_Simulation.build/DerivedSources-normal/arm64 -Xcc -I/Users/jannikschill/Library/Developer/Xcode/DerivedData/Garten_Simulation-eroxfyrnurmsaraojtkexlvtomxb/Build/Intermediates.noindex/Garten_Simulation.build/Debug-iphonesimulator/Garten_Simulation.build/DerivedSources/arm64 -Xcc -I/Users/jannikschill/Library/Developer/Xcode/DerivedData/Garten_Simulation-eroxfyrnurmsaraojtkexlvtomxb/Build/Intermediates.noindex/Garten_Simulation.build/Debug-iphonesimulator/Garten_Simulation.build/DerivedSources -Xcc -DDEBUG\=1 -no-auto-bridging-header-chaining -module-name Grovy -frontend-parseable-output -disable-clang-spi -clang-target arm64-apple-ios26.5-simulator -target-sdk-version 26.5 -target-sdk-name iphonesimulator26.5 -in-process-plugin-server-path /Applications/Xcode.app/Contents/Developer/Toolchains/XcodeDefault.xctoolchain/usr/lib/swift/host/libSwiftInProcPluginServer.dylib -o /Users/jannikschill/Library/Developer/Xcode/DerivedData/Garten_Simulation-eroxfyrnurmsaraojtkexlvtomxb/Build/Intermediates.noindex/Garten_Simulation.build/Debug-iphonesimulator/Garten_Simulation.build/Objects-normal/arm64/InventoryItemDetailSheet.o -index-unit-output-path /Garten_Simulation.build/Debug-iphonesimulator/Garten_Simulation.build/Objects-normal/arm64/InventoryItemDetailSheet.o -index-store-path /Users/jannikschill/Library/Developer/Xcode/DerivedData/Garten_Simulation-eroxfyrnurmsaraojtkexlvtomxb/Index.noindex/DataStore -index-system-modules

SwiftCompile normal arm64 /Users/jannikschill/Documents/Garten-Simulation/Garten_Simulation/Views/InventoryItemDetailSheet.swift (in target 'Garten_Simulation' from project 'Garten_Simulation')
    cd /Users/jannikschill/Documents/Garten-Simulation
    
/Users/jannikschill/Documents/Garten-Simulation/Garten_Simulation/Views/InventoryItemDetailSheet.swift:133:57: error: value of type 'ShopDetailPayload' has no member 'negativeImpactKey'
                                if let impactKey = item.negativeImpactKey {
                                                   ~~~~ ^~~~~~~~~~~~~~~~~

SwiftEmitModule normal arm64 Emitting\ module\ for\ Grovy (in target 'Garten_Simulation' from project 'Garten_Simulation')
EmitSwiftModule normal arm64 (in target 'Garten_Simulation' from project 'Garten_Simulation')
    cd /Users/jannikschill/Documents/Garten-Simulation
    

SwiftCompile normal arm64 Compiling\ GardenStore.swift /Users/jannikschill/Documents/Garten-Simulation/Garten_Simulation/Stores/GardenStore.swift (in target 'Garten_Simulation' from project 'Garten_Simulation')

SwiftCompile normal arm64 /Users/jannikschill/Documents/Garten-Simulation/Garten_Simulation/Stores/GardenStore.swift (in target 'Garten_Simulation' from project 'Garten_Simulation')
    cd /Users/jannikschill/Documents/Garten-Simulation
    
/Users/jannikschill/Documents/Garten-Simulation/Garten_Simulation/Stores/GardenStore.swift:1225:13: warning: result of call to 'withAnimation' is unused
            withAnimation {
            ^             ~
/Users/jannikschill/Documents/Garten-Simulation/Garten_Simulation/Stores/GardenStore.swift:1241:9: warning: result of call to 'withAnimation' is unused
        withAnimation {
        ^             ~
/Users/jannikschill/Documents/Garten-Simulation/Garten_Simulation/Stores/GardenStore.swift:1289:9: warning: result of call to 'withAnimation' is unused
        withAnimation {
        ^             ~

SwiftCompile normal arm64 Compiling\ DecorationModels.swift /Users/jannikschill/Documents/Garten-Simulation/Garten_Simulation/Models/DecorationModels.swift (in target 'Garten_Simulation' from project 'Garten_Simulation')

SwiftCompile normal arm64 /Users/jannikschill/Documents/Garten-Simulation/Garten_Simulation/Models/DecorationModels.swift (in target 'Garten_Simulation' from project 'Garten_Simulation')
    cd /Users/jannikschill/Documents/Garten-Simulation
    

SwiftDriverJobDiscovery normal arm64 Compiling DecorationModels.swift (in target 'Garten_Simulation' from project 'Garten_Simulation')

SwiftCompile normal arm64 Compiling\ ProfilComponents.swift,\ WasserDetailView.swift,\ XPInfoSheet.swift,\ DeveloperView.swift,\ FlyingCoinView.swift,\ GameOverOverlayView.swift,\ GartenLevelUpOverlay.swift /Users/jannikschill/Documents/Garten-Simulation/Garten_Simulation/Views/Profile/ProfilComponents.swift /Users/jannikschill/Documents/Garten-Simulation/Garten_Simulation/Views/Profile/WasserDetailView.swift /Users/jannikschill/Documents/Garten-Simulation/Garten_Simulation/Views/Profile/XPInfoSheet.swift /Users/jannikschill/Documents/Garten-Simulation/Garten_Simulation/Views/DeveloperView.swift /Users/jannikschill/Documents/Garten-Simulation/Garten_Simulation/Views/FlyingCoinView.swift /Users/jannikschill/Documents/Garten-Simulation/Garten_Simulation/Views/GameOverOverlayView.swift /Users/jannikschill/Documents/Garten-Simulation/Garten_Simulation/Views/GartenLevelUpOverlay.swift (in target 'Garten_Simulation' from project 'Garten_Simulation')

SwiftCompile normal arm64 /Users/jannikschill/Documents/Garten-Simulation/Garten_Simulation/Views/Profile/ProfilComponents.swift (in target 'Garten_Simulation' from project 'Garten_Simulation')
    cd /Users/jannikschill/Documents/Garten-Simulation
    

SwiftCompile normal arm64 /Users/jannikschill/Documents/Garten-Simulation/Garten_Simulation/Views/Profile/WasserDetailView.swift (in target 'Garten_Simulation' from project 'Garten_Simulation')
    cd /Users/jannikschill/Documents/Garten-Simulation
    

SwiftCompile normal arm64 /Users/jannikschill/Documents/Garten-Simulation/Garten_Simulation/Views/Profile/XPInfoSheet.swift (in target 'Garten_Simulation' from project 'Garten_Simulation')
    cd /Users/jannikschill/Documents/Garten-Simulation
    

SwiftCompile normal arm64 /Users/jannikschill/Documents/Garten-Simulation/Garten_Simulation/Views/DeveloperView.swift (in target 'Garten_Simulation' from project 'Garten_Simulation')
    cd /Users/jannikschill/Documents/Garten-Simulation
    

SwiftCompile normal arm64 /Users/jannikschill/Documents/Garten-Simulation/Garten_Simulation/Views/FlyingCoinView.swift (in target 'Garten_Simulation' from project 'Garten_Simulation')
    cd /Users/jannikschill/Documents/Garten-Simulation
    

SwiftCompile normal arm64 /Users/jannikschill/Documents/Garten-Simulation/Garten_Simulation/Views/GameOverOverlayView.swift (in target 'Garten_Simulation' from project 'Garten_Simulation')
    cd /Users/jannikschill/Documents/Garten-Simulation
    

SwiftCompile normal arm64 /Users/jannikschill/Documents/Garten-Simulation/Garten_Simulation/Views/GartenLevelUpOverlay.swift (in target 'Garten_Simulation' from project 'Garten_Simulation')
    cd /Users/jannikschill/Documents/Garten-Simulation
    

SwiftCompile normal arm64 Compiling\ GartenPassPowerUpWheelView.swift,\ GartenPassView.swift,\ GartenPassWheelView.swift,\ GartenView.swift,\ HabitStackConfigView.swift,\ IsometricPathView.swift,\ LebenDetailView.swift /Users/jannikschill/Documents/Garten-Simulation/Garten_Simulation/Views/GartenPassPowerUpWheelView.swift /Users/jannikschill/Documents/Garten-Simulation/Garten_Simulation/Views/GartenPassView.swift /Users/jannikschill/Documents/Garten-Simulation/Garten_Simulation/Views/GartenPassWheelView.swift /Users/jannikschill/Documents/Garten-Simulation/Garten_Simulation/Views/GartenView.swift /Users/jannikschill/Documents/Garten-Simulation/Garten_Simulation/Views/HabitStackConfigView.swift /Users/jannikschill/Documents/Garten-Simulation/Garten_Simulation/Views/IsometricPathView.swift /Users/jannikschill/Documents/Garten-Simulation/Garten_Simulation/Views/LebenDetailView.swift (in target 'Garten_Simulation' from project 'Garten_Simulation')

SwiftCompile normal arm64 /Users/jannikschill/Documents/Garten-Simulation/Garten_Simulation/Views/GartenPassPowerUpWheelView.swift (in target 'Garten_Simulation' from project 'Garten_Simulation')
    cd /Users/jannikschill/Documents/Garten-Simulation
    

SwiftCompile normal arm64 /Users/jannikschill/Documents/Garten-Simulation/Garten_Simulation/Views/GartenPassView.swift (in target 'Garten_Simulation' from project 'Garten_Simulation')
    cd /Users/jannikschill/Documents/Garten-Simulation
    

SwiftCompile normal arm64 /Users/jannikschill/Documents/Garten-Simulation/Garten_Simulation/Views/GartenPassWheelView.swift (in target 'Garten_Simulation' from project 'Garten_Simulation')
    cd /Users/jannikschill/Documents/Garten-Simulation
    

SwiftCompile normal arm64 /Users/jannikschill/Documents/Garten-Simulation/Garten_Simulation/Views/GartenView.swift (in target 'Garten_Simulation' from project 'Garten_Simulation')
    cd /Users/jannikschill/Documents/Garten-Simulation
    

SwiftCompile normal arm64 /Users/jannikschill/Documents/Garten-Simulation/Garten_Simulation/Views/HabitStackConfigView.swift (in target 'Garten_Simulation' from project 'Garten_Simulation')
    cd /Users/jannikschill/Documents/Garten-Simulation
    

SwiftCompile normal arm64 /Users/jannikschill/Documents/Garten-Simulation/Garten_Simulation/Views/IsometricPathView.swift (in target 'Garten_Simulation' from project 'Garten_Simulation')
    cd /Users/jannikschill/Documents/Garten-Simulation
    

SwiftCompile normal arm64 /Users/jannikschill/Documents/Garten-Simulation/Garten_Simulation/Views/LebenDetailView.swift (in target 'Garten_Simulation' from project 'Garten_Simulation')
    cd /Users/jannikschill/Documents/Garten-Simulation
    

SwiftCompile normal arm64 Compiling\ HerzenIcon.swift,\ IsometricGrassBackground.swift,\ KombinierterStrangNode.swift,\ PflanzenButton.swift,\ PflanzenCard.swift,\ PlantSelectionSheet.swift,\ SeltenheitsBadge.swift /Users/jannikschill/Documents/Garten-Simulation/Garten_Simulation/Components/HerzenIcon.swift /Users/jannikschill/Documents/Garten-Simulation/Garten_Simulation/Components/IsometricGrassBackground.swift /Users/jannikschill/Documents/Garten-Simulation/Garten_Simulation/Components/KombinierterStrangNode.swift /Users/jannikschill/Documents/Garten-Simulation/Garten_Simulation/Components/PflanzenButton.swift /Users/jannikschill/Documents/Garten-Simulation/Garten_Simulation/Components/PflanzenCard.swift /Users/jannikschill/Documents/Garten-Simulation/Garten_Simulation/Components/PlantSelectionSheet.swift /Users/jannikschill/Documents/Garten-Simulation/Garten_Simulation/Components/SeltenheitsBadge.swift (in target 'Garten_Simulation' from project 'Garten_Simulation')

SwiftCompile normal arm64 /Users/jannikschill/Documents/Garten-Simulation/Garten_Simulation/Components/HerzenIcon.swift (in target 'Garten_Simulation' from project 'Garten_Simulation')
    cd /Users/jannikschill/Documents/Garten-Simulation
    

SwiftCompile normal arm64 /Users/jannikschill/Documents/Garten-Simulation/Garten_Simulation/Components/IsometricGrassBackground.swift (in target 'Garten_Simulation' from project 'Garten_Simulation')
    cd /Users/jannikschill/Documents/Garten-Simulation
    

SwiftCompile normal arm64 /Users/jannikschill/Documents/Garten-Simulation/Garten_Simulation/Components/KombinierterStrangNode.swift (in target 'Garten_Simulation' from project 'Garten_Simulation')
    cd /Users/jannikschill/Documents/Garten-Simulation
    

SwiftCompile normal arm64 /Users/jannikschill/Documents/Garten-Simulation/Garten_Simulation/Components/PflanzenButton.swift (in target 'Garten_Simulation' from project 'Garten_Simulation')
    cd /Users/jannikschill/Documents/Garten-Simulation
    

SwiftCompile normal arm64 /Users/jannikschill/Documents/Garten-Simulation/Garten_Simulation/Components/PflanzenCard.swift (in target 'Garten_Simulation' from project 'Garten_Simulation')
    cd /Users/jannikschill/Documents/Garten-Simulation
    

SwiftCompile normal arm64 /Users/jannikschill/Documents/Garten-Simulation/Garten_Simulation/Components/PlantSelectionSheet.swift (in target 'Garten_Simulation' from project 'Garten_Simulation')
    cd /Users/jannikschill/Documents/Garten-Simulation
    

SwiftCompile normal arm64 /Users/jannikschill/Documents/Garten-Simulation/Garten_Simulation/Components/SeltenheitsBadge.swift (in target 'Garten_Simulation' from project 'Garten_Simulation')
    cd /Users/jannikschill/Documents/Garten-Simulation
    

SwiftCompile normal arm64 Compiling\ SeltenheitProgressRing.swift,\ DailyWateringRingView.swift,\ DragToWater.swift,\ DuolingoButton.swift,\ GartenStatsBar.swift,\ GemsIcon.swift,\ GruenerBanner.swift /Users/jannikschill/Documents/Garten-Simulation/SeltenheitProgressRing.swift /Users/jannikschill/Documents/Garten-Simulation/Garten_Simulation/Components/DailyWateringRingView.swift /Users/jannikschill/Documents/Garten-Simulation/Garten_Simulation/Components/DragToWater.swift /Users/jannikschill/Documents/Garten-Simulation/Garten_Simulation/Components/DuolingoButton.swift /Users/jannikschill/Documents/Garten-Simulation/Garten_Simulation/Components/GartenStatsBar.swift /Users/jannikschill/Documents/Garten-Simulation/Garten_Simulation/Components/GemsIcon.swift /Users/jannikschill/Documents/Garten-Simulation/Garten_Simulation/Components/GruenerBanner.swift (in target 'Garten_Simulation' from project 'Garten_Simulation')

SwiftCompile normal arm64 /Users/jannikschill/Documents/Garten-Simulation/SeltenheitProgressRing.swift (in target 'Garten_Simulation' from project 'Garten_Simulation')
    cd /Users/jannikschill/Documents/Garten-Simulation
    

SwiftCompile normal arm64 /Users/jannikschill/Documents/Garten-Simulation/Garten_Simulation/Components/DailyWateringRingView.swift (in target 'Garten_Simulation' from project 'Garten_Simulation')
    cd /Users/jannikschill/Documents/Garten-Simulation
    

SwiftCompile normal arm64 /Users/jannikschill/Documents/Garten-Simulation/Garten_Simulation/Components/DragToWater.swift (in target 'Garten_Simulation' from project 'Garten_Simulation')
    cd /Users/jannikschill/Documents/Garten-Simulation
    

SwiftCompile normal arm64 /Users/jannikschill/Documents/Garten-Simulation/Garten_Simulation/Components/DuolingoButton.swift (in target 'Garten_Simulation' from project 'Garten_Simulation')
    cd /Users/jannikschill/Documents/Garten-Simulation
    

SwiftCompile normal arm64 /Users/jannikschill/Documents/Garten-Simulation/Garten_Simulation/Components/GartenStatsBar.swift (in target 'Garten_Simulation' from project 'Garten_Simulation')
    cd /Users/jannikschill/Documents/Garten-Simulation
    

SwiftCompile normal arm64 /Users/jannikschill/Documents/Garten-Simulation/Garten_Simulation/Components/GemsIcon.swift (in target 'Garten_Simulation' from project 'Garten_Simulation')
    cd /Users/jannikschill/Documents/Garten-Simulation
    

SwiftCompile normal arm64 /Users/jannikschill/Documents/Garten-Simulation/Garten_Simulation/Components/GruenerBanner.swift (in target 'Garten_Simulation' from project 'Garten_Simulation')
    cd /Users/jannikschill/Documents/Garten-Simulation
    

SwiftCompile normal arm64 Compiling\ SingleHabitNode.swift,\ StreakIcon.swift,\ TrashItemCard.swift,\ WeedPowerUpSection.swift,\ WeedStackIndicator.swift,\ WetterBanner.swift,\ WetterPopup.swift /Users/jannikschill/Documents/Garten-Simulation/Garten_Simulation/Components/SingleHabitNode.swift /Users/jannikschill/Documents/Garten-Simulation/Garten_Simulation/Components/StreakIcon.swift /Users/jannikschill/Documents/Garten-Simulation/Garten_Simulation/Components/TrashItemCard.swift /Users/jannikschill/Documents/Garten-Simulation/Garten_Simulation/Components/WeedPowerUpSection.swift /Users/jannikschill/Documents/Garten-Simulation/Garten_Simulation/Components/WeedStackIndicator.swift /Users/jannikschill/Documents/Garten-Simulation/Garten_Simulation/Components/WetterBanner.swift /Users/jannikschill/Documents/Garten-Simulation/Garten_Simulation/Components/WetterPopup.swift (in target 'Garten_Simulation' from project 'Garten_Simulation')

SwiftCompile normal arm64 /Users/jannikschill/Documents/Garten-Simulation/Garten_Simulation/Components/SingleHabitNode.swift (in target 'Garten_Simulation' from project 'Garten_Simulation')
    cd /Users/jannikschill/Documents/Garten-Simulation
    

SwiftCompile normal arm64 /Users/jannikschill/Documents/Garten-Simulation/Garten_Simulation/Components/StreakIcon.swift (in target 'Garten_Simulation' from project 'Garten_Simulation')
    cd /Users/jannikschill/Documents/Garten-Simulation
    

SwiftCompile normal arm64 /Users/jannikschill/Documents/Garten-Simulation/Garten_Simulation/Components/TrashItemCard.swift (in target 'Garten_Simulation' from project 'Garten_Simulation')
    cd /Users/jannikschill/Documents/Garten-Simulation
    

SwiftCompile normal arm64 /Users/jannikschill/Documents/Garten-Simulation/Garten_Simulation/Components/WeedPowerUpSection.swift (in target 'Garten_Simulation' from project 'Garten_Simulation')
    cd /Users/jannikschill/Documents/Garten-Simulation
    

SwiftCompile normal arm64 /Users/jannikschill/Documents/Garten-Simulation/Garten_Simulation/Components/WeedStackIndicator.swift (in target 'Garten_Simulation' from project 'Garten_Simulation')
    cd /Users/jannikschill/Documents/Garten-Simulation
    

SwiftCompile normal arm64 /Users/jannikschill/Documents/Garten-Simulation/Garten_Simulation/Components/WetterBanner.swift (in target 'Garten_Simulation' from project 'Garten_Simulation')
    cd /Users/jannikschill/Documents/Garten-Simulation
    

SwiftCompile normal arm64 /Users/jannikschill/Documents/Garten-Simulation/Garten_Simulation/Components/WetterPopup.swift (in target 'Garten_Simulation' from project 'Garten_Simulation')
    cd /Users/jannikschill/Documents/Garten-Simulation
    

SwiftCompile normal arm64 Compiling\ WeedDetailView.swift,\ WetterDetailView.swift,\ WheelOfFortuneView.swift,\ ContentView.swift,\ Garten_SimulationApp.swift,\ ProfilView.swift /Users/jannikschill/Documents/Garten-Simulation/Garten_Simulation/Views/WeedDetailView.swift /Users/jannikschill/Documents/Garten-Simulation/Garten_Simulation/Views/WetterDetailView.swift /Users/jannikschill/Documents/Garten-Simulation/Garten_Simulation/Views/WheelOfFortuneView.swift /Users/jannikschill/Documents/Garten-Simulation/Garten_Simulation/ContentView.swift /Users/jannikschill/Documents/Garten-Simulation/Garten_Simulation/Garten_SimulationApp.swift /Users/jannikschill/Documents/Garten-Simulation/Garten_Simulation/ProfilView.swift (in target 'Garten_Simulation' from project 'Garten_Simulation')

SwiftCompile normal arm64 /Users/jannikschill/Documents/Garten-Simulation/Garten_Simulation/Views/WeedDetailView.swift (in target 'Garten_Simulation' from project 'Garten_Simulation')
    cd /Users/jannikschill/Documents/Garten-Simulation
    

SwiftCompile normal arm64 /Users/jannikschill/Documents/Garten-Simulation/Garten_Simulation/Views/WetterDetailView.swift (in target 'Garten_Simulation' from project 'Garten_Simulation')
    cd /Users/jannikschill/Documents/Garten-Simulation
    

SwiftCompile normal arm64 /Users/jannikschill/Documents/Garten-Simulation/Garten_Simulation/Views/WheelOfFortuneView.swift (in target 'Garten_Simulation' from project 'Garten_Simulation')
    cd /Users/jannikschill/Documents/Garten-Simulation
    

SwiftCompile normal arm64 /Users/jannikschill/Documents/Garten-Simulation/Garten_Simulation/ContentView.swift (in target 'Garten_Simulation' from project 'Garten_Simulation')
    cd /Users/jannikschill/Documents/Garten-Simulation
    

SwiftCompile normal arm64 /Users/jannikschill/Documents/Garten-Simulation/Garten_Simulation/Garten_SimulationApp.swift (in target 'Garten_Simulation' from project 'Garten_Simulation')
    cd /Users/jannikschill/Documents/Garten-Simulation
    

SwiftCompile normal arm64 /Users/jannikschill/Documents/Garten-Simulation/Garten_Simulation/ProfilView.swift (in target 'Garten_Simulation' from project 'Garten_Simulation')
    cd /Users/jannikschill/Documents/Garten-Simulation
    

SwiftCompile normal arm64 Compiling\ MultiStrangCanvas.swift,\ MultiStrangPfadView.swift,\ NeuerTitelOverlay.swift,\ PfadEinstellungenView.swift,\ PfadTagDetailView.swift,\ PflanzeDetailSheet.swift,\ PlantTimelineView.swift /Users/jannikschill/Documents/Garten-Simulation/Garten_Simulation/Views/MultiStrangCanvas.swift /Users/jannikschill/Documents/Garten-Simulation/Garten_Simulation/Views/MultiStrangPfadView.swift /Users/jannikschill/Documents/Garten-Simulation/Garten_Simulation/Views/NeuerTitelOverlay.swift /Users/jannikschill/Documents/Garten-Simulation/Garten_Simulation/Views/PfadEinstellungenView.swift /Users/jannikschill/Documents/Garten-Simulation/Garten_Simulation/Views/PfadTagDetailView.swift /Users/jannikschill/Documents/Garten-Simulation/Garten_Simulation/Views/PflanzeDetailSheet.swift /Users/jannikschill/Documents/Garten-Simulation/Garten_Simulation/Views/PlantTimelineView.swift (in target 'Garten_Simulation' from project 'Garten_Simulation')

SwiftCompile normal arm64 /Users/jannikschill/Documents/Garten-Simulation/Garten_Simulation/Views/MultiStrangCanvas.swift (in target 'Garten_Simulation' from project 'Garten_Simulation')
    cd /Users/jannikschill/Documents/Garten-Simulation
    

SwiftCompile normal arm64 /Users/jannikschill/Documents/Garten-Simulation/Garten_Simulation/Views/MultiStrangPfadView.swift (in target 'Garten_Simulation' from project 'Garten_Simulation')
    cd /Users/jannikschill/Documents/Garten-Simulation
    

SwiftCompile normal arm64 /Users/jannikschill/Documents/Garten-Simulation/Garten_Simulation/Views/NeuerTitelOverlay.swift (in target 'Garten_Simulation' from project 'Garten_Simulation')
    cd /Users/jannikschill/Documents/Garten-Simulation
    

SwiftCompile normal arm64 /Users/jannikschill/Documents/Garten-Simulation/Garten_Simulation/Views/PfadEinstellungenView.swift (in target 'Garten_Simulation' from project 'Garten_Simulation')
    cd /Users/jannikschill/Documents/Garten-Simulation
    

SwiftCompile normal arm64 /Users/jannikschill/Documents/Garten-Simulation/Garten_Simulation/Views/PfadTagDetailView.swift (in target 'Garten_Simulation' from project 'Garten_Simulation')
    cd /Users/jannikschill/Documents/Garten-Simulation
    

SwiftCompile normal arm64 /Users/jannikschill/Documents/Garten-Simulation/Garten_Simulation/Views/PflanzeDetailSheet.swift (in target 'Garten_Simulation' from project 'Garten_Simulation')
    cd /Users/jannikschill/Documents/Garten-Simulation
    

SwiftCompile normal arm64 /Users/jannikschill/Documents/Garten-Simulation/Garten_Simulation/Views/PlantTimelineView.swift (in target 'Garten_Simulation' from project 'Garten_Simulation')
    cd /Users/jannikschill/Documents/Garten-Simulation
    

SwiftCompile normal arm64 Compiling\ OnboardingPowerUpTutorialView.swift,\ OnboardingTutorialWeedView.swift,\ OnboardingView.swift,\ AchievementStore.swift,\ GartenPfadStore.swift,\ IAPStore.swift,\ FocusSessionView.swift /Users/jannikschill/Documents/Garten-Simulation/Garten_Simulation/Onboarding/OnboardingPowerUpTutorialView.swift /Users/jannikschill/Documents/Garten-Simulation/Garten_Simulation/Onboarding/OnboardingTutorialWeedView.swift /Users/jannikschill/Documents/Garten-Simulation/Garten_Simulation/Onboarding/OnboardingView.swift /Users/jannikschill/Documents/Garten-Simulation/Garten_Simulation/Stores/AchievementStore.swift /Users/jannikschill/Documents/Garten-Simulation/Garten_Simulation/Stores/GartenPfadStore.swift /Users/jannikschill/Documents/Garten-Simulation/Garten_Simulation/Stores/IAPStore.swift /Users/jannikschill/Documents/Garten-Simulation/Garten_Simulation/Views/FocusSession/FocusSessionView.swift (in target 'Garten_Simulation' from project 'Garten_Simulation')

SwiftCompile normal arm64 /Users/jannikschill/Documents/Garten-Simulation/Garten_Simulation/Onboarding/OnboardingPowerUpTutorialView.swift (in target 'Garten_Simulation' from project 'Garten_Simulation')
    cd /Users/jannikschill/Documents/Garten-Simulation
    

SwiftCompile normal arm64 /Users/jannikschill/Documents/Garten-Simulation/Garten_Simulation/Onboarding/OnboardingTutorialWeedView.swift (in target 'Garten_Simulation' from project 'Garten_Simulation')
    cd /Users/jannikschill/Documents/Garten-Simulation
    

SwiftCompile normal arm64 /Users/jannikschill/Documents/Garten-Simulation/Garten_Simulation/Onboarding/OnboardingView.swift (in target 'Garten_Simulation' from project 'Garten_Simulation')
    cd /Users/jannikschill/Documents/Garten-Simulation
    

SwiftCompile normal arm64 /Users/jannikschill/Documents/Garten-Simulation/Garten_Simulation/Stores/AchievementStore.swift (in target 'Garten_Simulation' from project 'Garten_Simulation')
    cd /Users/jannikschill/Documents/Garten-Simulation
    

SwiftCompile normal arm64 /Users/jannikschill/Documents/Garten-Simulation/Garten_Simulation/Stores/GartenPfadStore.swift (in target 'Garten_Simulation' from project 'Garten_Simulation')
    cd /Users/jannikschill/Documents/Garten-Simulation
    

SwiftCompile normal arm64 /Users/jannikschill/Documents/Garten-Simulation/Garten_Simulation/Stores/IAPStore.swift (in target 'Garten_Simulation' from project 'Garten_Simulation')
    cd /Users/jannikschill/Documents/Garten-Simulation
    

SwiftCompile normal arm64 /Users/jannikschill/Documents/Garten-Simulation/Garten_Simulation/Views/FocusSession/FocusSessionView.swift (in target 'Garten_Simulation' from project 'Garten_Simulation')
    cd /Users/jannikschill/Documents/Garten-Simulation
    

SwiftDriverJobDiscovery normal arm64 Compiling ShopDetailPayload.swift (in target 'Garten_Simulation' from project 'Garten_Simulation')

SwiftCompile normal arm64 Compiling\ SettingsView.swift,\ ShopItemDetailView.swift,\ SplashScreenView.swift,\ StreakIncreaseOverlayView.swift,\ StreakView.swift,\ UnifiedShopView.swift /Users/jannikschill/Documents/Garten-Simulation/Garten_Simulation/Views/SettingsView.swift /Users/jannikschill/Documents/Garten-Simulation/Garten_Simulation/Views/ShopItemDetailView.swift /Users/jannikschill/Documents/Garten-Simulation/Garten_Simulation/Views/SplashScreenView.swift /Users/jannikschill/Documents/Garten-Simulation/Garten_Simulation/Views/StreakIncreaseOverlayView.swift /Users/jannikschill/Documents/Garten-Simulation/Garten_Simulation/Views/StreakView.swift /Users/jannikschill/Documents/Garten-Simulation/Garten_Simulation/Views/UnifiedShopView.swift (in target 'Garten_Simulation' from project 'Garten_Simulation')

SwiftCompile normal arm64 /Users/jannikschill/Documents/Garten-Simulation/Garten_Simulation/Views/SettingsView.swift (in target 'Garten_Simulation' from project 'Garten_Simulation')
    cd /Users/jannikschill/Documents/Garten-Simulation
    

SwiftCompile normal arm64 /Users/jannikschill/Documents/Garten-Simulation/Garten_Simulation/Views/ShopItemDetailView.swift (in target 'Garten_Simulation' from project 'Garten_Simulation')
    cd /Users/jannikschill/Documents/Garten-Simulation
    

SwiftCompile normal arm64 /Users/jannikschill/Documents/Garten-Simulation/Garten_Simulation/Views/SplashScreenView.swift (in target 'Garten_Simulation' from project 'Garten_Simulation')
    cd /Users/jannikschill/Documents/Garten-Simulation
    

SwiftCompile normal arm64 /Users/jannikschill/Documents/Garten-Simulation/Garten_Simulation/Views/StreakIncreaseOverlayView.swift (in target 'Garten_Simulation' from project 'Garten_Simulation')
    cd /Users/jannikschill/Documents/Garten-Simulation
    

SwiftCompile normal arm64 /Users/jannikschill/Documents/Garten-Simulation/Garten_Simulation/Views/StreakView.swift (in target 'Garten_Simulation' from project 'Garten_Simulation')
    cd /Users/jannikschill/Documents/Garten-Simulation
    

SwiftCompile normal arm64 /Users/jannikschill/Documents/Garten-Simulation/Garten_Simulation/Views/UnifiedShopView.swift (in target 'Garten_Simulation' from project 'Garten_Simulation')
    cd /Users/jannikschill/Documents/Garten-Simulation
    

SwiftDriverJobDiscovery normal arm64 Compiling GardenStore.swift (in target 'Garten_Simulation' from project 'Garten_Simulation')

SwiftCompile normal arm64 Compiling\ ErfolgDetailSheet.swift /Users/jannikschill/Documents/Garten-Simulation/Garten_Simulation/Views/Profile/ErfolgDetailSheet.swift (in target 'Garten_Simulation' from project 'Garten_Simulation')

SwiftCompile normal arm64 /Users/jannikschill/Documents/Garten-Simulation/Garten_Simulation/Views/Profile/ErfolgDetailSheet.swift (in target 'Garten_Simulation' from project 'Garten_Simulation')
    cd /Users/jannikschill/Documents/Garten-Simulation
    

SwiftDriverJobDiscovery normal arm64 Compiling SeltenheitProgressRing.swift, DailyWateringRingView.swift, DragToWater.swift, DuolingoButton.swift, GartenStatsBar.swift, GemsIcon.swift, GruenerBanner.swift (in target 'Garten_Simulation' from project 'Garten_Simulation')

SwiftCompile normal arm64 Compiling\ PlantDifficultySelectView.swift /Users/jannikschill/Documents/Garten-Simulation/Garten_Simulation/Views/PlantDifficultySelectView.swift (in target 'Garten_Simulation' from project 'Garten_Simulation')

SwiftCompile normal arm64 /Users/jannikschill/Documents/Garten-Simulation/Garten_Simulation/Views/PlantDifficultySelectView.swift (in target 'Garten_Simulation' from project 'Garten_Simulation')
    cd /Users/jannikschill/Documents/Garten-Simulation
    

SwiftDriverJobDiscovery normal arm64 Compiling SingleHabitNode.swift, StreakIcon.swift, TrashItemCard.swift, WeedPowerUpSection.swift, WeedStackIndicator.swift, WetterBanner.swift, WetterPopup.swift (in target 'Garten_Simulation' from project 'Garten_Simulation')

** BUILD FAILED **


The following build commands failed:
	SwiftCompile normal arm64 Compiling\ InventoryItemDetailSheet.swift /Users/jannikschill/Documents/Garten-Simulation/Garten_Simulation/Views/InventoryItemDetailSheet.swift (in target 'Garten_Simulation' from project 'Garten_Simulation')
	SwiftCompile normal arm64 /Users/jannikschill/Documents/Garten-Simulation/Garten_Simulation/Views/InventoryItemDetailSheet.swift (in target 'Garten_Simulation' from project 'Garten_Simulation')
	Building project Garten_Simulation with scheme Garten_Simulation
(3 failures)
