Command line invocation:
    /Applications/Xcode.app/Contents/Developer/usr/bin/xcodebuild build -scheme Garten_Simulation -destination "platform=iOS Simulator,name=iPhone 17,OS=latest"

Resolve Package Graph

Fetching from https://github.com/LottieFiles/dotlottie-ios.git (cached)

Fetching from https://github.com/rive-app/rive-ios (cached)

Creating working copy of package ‘rive-ios’

Creating working copy of package ‘dotlottie-ios’

Checking out 6.20.5 of package ‘rive-ios’
Couldn’t update repository submodules:
    Submodule 'submodules/rive-runtime' (https://github.com/rive-app/rive-runtime.git) registered for path 'submodules/rive-runtime'
    Cloning into '/Users/jannikschill/Library/Developer/Xcode/DerivedData/Garten_Simulation-eroxfyrnurmsaraojtkexlvtomxb/SourcePackages/checkouts/rive-ios/submodules/rive-runtime'...
    fatal: Unable to read current working directory: No such file or directory
    fatal: fetch-pack: invalid index-pack output
    fatal: clone of 'https://github.com/rive-app/rive-runtime.git' into submodule path '/Users/jannikschill/Library/Developer/Xcode/DerivedData/Garten_Simulation-eroxfyrnurmsaraojtkexlvtomxb/SourcePackages/checkouts/rive-ios/submodules/rive-runtime' failed
    Failed to clone 'submodules/rive-runtime'. Retry scheduled
    fatal: Unable to read current working directory: No such file or directory
    Failed to clone 'submodules/rive-runtime' a second time, aborting
Checking out main (93565a8) of package ‘dotlottie-ios’
Couldn’t update repository submodules:
    Submodule 'deps/dotlottie-rs' (https://github.com/Lottiefiles/dotlottie-rs) registered for path 'deps/dotlottie-rs'
    Cloning into '/Users/jannikschill/Library/Developer/Xcode/DerivedData/Garten_Simulation-eroxfyrnurmsaraojtkexlvtomxb/SourcePackages/checkouts/dotlottie-ios/deps/dotlottie-rs'...
    fatal: Unable to read current working directory: No such file or directory
    fatal: fetch-pack: invalid index-pack output
    fatal: clone of 'https://github.com/Lottiefiles/dotlottie-rs' into submodule path '/Users/jannikschill/Library/Developer/Xcode/DerivedData/Garten_Simulation-eroxfyrnurmsaraojtkexlvtomxb/SourcePackages/checkouts/dotlottie-ios/deps/dotlottie-rs' failed
    Failed to clone 'deps/dotlottie-rs'. Retry scheduled
    fatal: Unable to read current working directory: No such file or directory
    Failed to clone 'deps/dotlottie-rs' a second time, aborting

fatalError
2026-06-24 16:21:23.089 xcodebuild[35892:884458] Writing error result bundle to /var/folders/37/0ww3b7713871x_rly7sf27hr0000gn/T/ResultBundle_2026-24-06_16-21-0023.xcresult
xcodebuild: error: Could not resolve package dependencies:
  fatalError
  Couldn’t update repository submodules:
  Couldn’t update repository submodules:

