Command line invocation:
    /Applications/Xcode.app/Contents/Developer/usr/bin/xcodebuild -project Garten_Simulation.xcodeproj -scheme Garten_Simulation -destination "platform=iOS Simulator,name=iPhone 15,OS=latest" GCC_TREAT_WARNINGS_AS_ERRORS=YES build

Build settings from command line:
    GCC_TREAT_WARNINGS_AS_ERRORS = YES

Resolve Package Graph


Resolved source packages:
  DotLottie: https://github.com/LottieFiles/dotlottie-ios.git @ main (93565a8)
  RiveRuntime: https://github.com/rive-app/rive-ios @ 6.20.5

2026-08-21 10:16:19.180 xcodebuild[6658:132551] Writing error result bundle to /var/folders/37/0ww3b7713871x_rly7sf27hr0000gn/T/ResultBundle_2026-21-08_10-16-0019.xcresult
xcodebuild: error: The project named "Garten_Simulation" does not contain a scheme named "Garten_Simulation". The "-list" option can be used to find the names of the schemes in the project.
