Command line invocation:
    /Applications/Xcode.app/Contents/Developer/usr/bin/xcodebuild build -project Garten_Simulation.xcodeproj -scheme Garten_Simulation -destination "platform=iOS Simulator,name=iPhone 17 Pro,OS=latest"

Resolve Package Graph


Resolved source packages:
  DotLottie: https://github.com/LottieFiles/dotlottie-ios.git @ main (93565a8)
  RiveRuntime: https://github.com/rive-app/rive-ios @ 6.20.5

ComputePackagePrebuildTargetDependencyGraph

Prepare packages

CreateBuildRequest

SendProjectDescription

CreateBuildOperation

ComputeTargetDependencyGraph
note: Building targets in dependency order
note: Target dependency graph (5 targets)
    Target 'Garten_Simulation' in project 'Garten_Simulation'
        ➜ Explicit dependency on target 'GartenWidgetExtension' in project 'Garten_Simulation'
        ➜ Explicit dependency on target 'RiveRuntime' in project 'RiveRuntime'
        ➜ Explicit dependency on target 'DotLottie' in project 'DotLottie'
    Target 'DotLottie' in project 'DotLottie'
        ➜ Explicit dependency on target 'DotLottie' in project 'DotLottie'
    Target 'DotLottie' in project 'DotLottie' (no dependencies)
    Target 'RiveRuntime' in project 'RiveRuntime' (no dependencies)
    Target 'GartenWidgetExtension' in project 'Garten_Simulation' (no dependencies)

GatherProvisioningInputs

CreateBuildDescription

ExecuteExternalTool /Applications/Xcode.app/Contents/Developer/Toolchains/XcodeDefault.xctoolchain/usr/bin/swiftc --version

ExecuteExternalTool /Applications/Xcode.app/Contents/Developer/Toolchains/XcodeDefault.xctoolchain/usr/bin/clang -v -E -dM -isysroot /Applications/Xcode.app/Contents/Developer/Platforms/iPhoneSimulator.platform/Developer/SDKs/iPhoneSimulator26.5.sdk -x c -c /dev/null

ExecuteExternalTool /Applications/Xcode.app/Contents/Developer/usr/bin/ibtool --version --output-format xml1

ExecuteExternalTool /Applications/Xcode.app/Contents/Developer/usr/bin/actool --print-asset-tag-combinations --output-format xml1 /Users/jannikschill/Documents/Garten-Simulation/Garten_Simulation/Assets.xcassets

ExecuteExternalTool /Applications/Xcode.app/Contents/Developer/usr/bin/actool --version --output-format xml1

ExecuteExternalTool /Applications/Xcode.app/Contents/Developer/usr/bin/xcstringstool compile --dry-run --output-directory /Users/jannikschill/Library/Developer/Xcode/DerivedData/Garten_Simulation-eroxfyrnurmsaraojtkexlvtomxb/Build/Intermediates.noindex/Garten_Simulation.build/Debug-iphonesimulator/Garten_Simulation.build /Users/jannikschill/Documents/Garten-Simulation/Garten_Simulation/Localizable.xcstrings

ExecuteExternalTool /Applications/Xcode.app/Contents/Developer/Toolchains/XcodeDefault.xctoolchain/usr/bin/ld -version_details

Build description signature: a4e0d7c96c6bed1e30fae8178daac43a
Build description path: /Users/jannikschill/Library/Developer/Xcode/DerivedData/Garten_Simulation-eroxfyrnurmsaraojtkexlvtomxb/Build/Intermediates.noindex/XCBuildData/a4e0d7c96c6bed1e30fae8178daac43a.xcbuilddata
error: unable to attach DB: error: accessing build database "/Users/jannikschill/Library/Developer/Xcode/DerivedData/Garten_Simulation-eroxfyrnurmsaraojtkexlvtomxb/Build/Intermediates.noindex/XCBuildData/build.db": database is locked Possibly there are two concurrent builds running in the same filesystem location.
** BUILD FAILED **


The following build commands failed:
	Building project Garten_Simulation with scheme Garten_Simulation
(1 failure)
